
> spellcasters-manager@0.1.0 test:build
> tsc --noEmit && vite build

[36mvite v7.3.1 [32mbuilding client environment for production...[36m[39m
transforming...
node.exe : 
At line:1 char:1
+ & "C:\Program Files\nodejs/node.exe" "C:\Users\evanw\AppData\Roaming\ ...
+ ~~~~~~~~~~~~~~~~~~~~~~~~~~~~~~~~~~~~~~~~~~~~~~~~~~~~~~~~~~~~~~~~~~~~~
    + CategoryInfo          : NotSpecified: (:String) [], RemoteException
    + FullyQualifiedErrorId : NativeCommandError
 
/noise.svg referenced in /noise.svg didn't resolve at build time, it will remain unchanged to be resolved at runtime
[32mΓ£ô[39m 1937 modules transformed.
[31mΓ£ù[39m Build failed in 1.66s
[31merror during build:
[31msrc/components/preview/SitePreview.tsx (6:9): "Card" is not exported by "node_modules/lucide-react/dist/esm/lucide-react.js", imported by 
"src/components/preview/SitePreview.tsx".[31m
file: [36mC:/Projects/spellcasters-manager/src/components/preview/SitePreview.tsx:6:9[31m
[33m
4: import { PreviewDetailPage } from "./PreviewDetailPage";
5: import { TabBar } from "@/components/ui/TabBar";
6: import { Card, FileText } from "lucide-react";
            ^
7: 
8: interface SitePreviewProps {
[31m
    at getRollupError (file:///C:/Projects/spellcasters-manager/node_modules/rollup/dist/es/shared/parseAst.js:402:41)
    at error (file:///C:/Projects/spellcasters-manager/node_modules/rollup/dist/es/shared/parseAst.js:398:42)
    at Module.error (file:///C:/Projects/spellcasters-manager/node_modules/rollup/dist/es/shared/node-entry.js:17040:16)
    at Module.traceVariable (file:///C:/Projects/spellcasters-manager/node_modules/rollup/dist/es/shared/node-entry.js:17452:29)
    at ModuleScope.findVariable (file:///C:/Projects/spellcasters-manager/node_modules/rollup/dist/es/shared/node-entry.js:15070:39)
    at FunctionScope.findVariable (file:///C:/Projects/spellcasters-manager/node_modules/rollup/dist/es/shared/node-entry.js:5673:38)
    at FunctionBodyScope.findVariable (file:///C:/Projects/spellcasters-manager/node_modules/rollup/dist/es/shared/node-entry.js:5673:38)
    at Identifier.bind (file:///C:/Projects/spellcasters-manager/node_modules/rollup/dist/es/shared/node-entry.js:5447:40)
    at CallExpression.bind (file:///C:/Projects/spellcasters-manager/node_modules/rollup/dist/es/shared/node-entry.js:2825:28)
    at CallExpression.bind (file:///C:/Projects/spellcasters-manager/node_modules/rollup/dist/es/shared/node-entry.js:12179:15)[39m
